// Jest Snapshot v1, https://goo.gl/fbAQLP

exports[`Renders Correctly - Normal View 1`] = `
<section
  class="flex flex-col items-center justify-around col-span-2 px-4 pt-6 pb-4 text-center bg-white shadow-md md:px-2 md:pb-3 md:col-span-1 xl:px-4 rounded-shape-xl"
  league="[object Object]"
>
  <h3
    class="text-xs font-bold leading-tight tracking-wider uppercase truncate font-heading text-main-600 md:tracking-wide"
  >
    
    
  
  </h3>
   
  <h4
    class="text-3xl font-bold leading-relaxed tracking-tight text-gray-900 font-heading"
  >
    
    Test Event
  
  </h4>
   
  <h5
    class="text-base leading-tight text-gray-500 font-heading"
  >
    
      01/01/2001
     
    <span
      class="hidden mx-1 sm:inline-block md:hidden xl:inline-block"
    >
      
      -
    
    </span>
     
    <span
      class="block sm:inline-block md:hidden xl:inline-block"
    >
      <span
        class="inline-block md:hidden 2xl:inline-block"
      >
        
        Organised By
      
      </span>
      
      John Doe
    
    </span>
  </h5>
   
  <router-link-stub
    class="mt-4 text-base button"
    to="/events/undefined/results"
  >
    Results
  </router-link-stub>
</section>
`;
