// Jest Snapshot v1, https://goo.gl/fbAQLP

exports[`Renders Correctly 1`] = `
<section
  class="col-span-2 card"
  event="[object Object]"
  league="[object Object]"
>
  <h2
    class="mt-2 mb-4 text-2xl text-center text-gray-900 font-heading"
  >
    <p
      class="block w-8 h-8 mx-auto mb-1 text-lg font-bold leading-8 text-center align-middle border-2 rounded-full md:inline-block md:mr-3 border-main text-main font-heading"
    >
      
      1
    
    </p>
     
      
    
  </h2>
   
  <div
    class="w-full mx-auto leading-8 text-gray-600 body"
  />
</section>
`;
