// Jest Snapshot v1, https://goo.gl/fbAQLP

exports[`Renders Correctly 1`] = `
<section
  class="flex flex-col items-center justify-around px-4 pb-4 text-center bg-white shadow-md rounded-shape-xl sm:px-6 sm:pt-6 pt-6 col-span-2 sm:flex-row sm:justify-between sm:text-left sm:pb-6 lg:px-6"
  event="[object Object]"
  league="[object Object]"
>
  <div
    class="flex-shrink text-center  sm:text-left"
  >
    <h2
      class="text-2xl font-bold leading-tight text-gray-900 font-heading tracking-tight sm:tracking-normal"
    >
      
      
    
    </h2>
     
    <!---->
  </div>
   
  <router-link-stub
    class="inline-block w-auto px-3 py-2 text-base leading-tight whitespace-no-wrap transition duration-300 ease-in-out select-none text-main-700 font-heading rounded-shape hover:text-main-800 focus:text-main-800 sm:my-0 hover:bg-main-100 focus:bg-main-100 mt-4 sm:mr-0 sm:ml-4"
    to="/leagues/"
  >
    View League →
  </router-link-stub>
</section>
`;
