// Jest Snapshot v1, https://goo.gl/fbAQLP

exports[`Renders Correctly 1`] = `
<section
  class="mt-2 text-center card"
>
  <div
    class="inline-block w-full"
  >
    <img
      alt="Person Lost looking at Map"
      class="object-contain w-full mx-auto max-h-64"
      src="@/assets/images/UndrawLost.svg"
    />
  </div>
   
  <h1
    class="mt-8 text-3xl font-bold text-gray-900 font-heading"
  >
    
    Sorry, I Couldn't Find Any Results
  
  </h1>
</section>
`;
