// Jest Snapshot v1, https://goo.gl/fbAQLP

exports[`Renders Correctly 1`] = `
<layout-stub
  title=""
>
  <vue-headful-stub
    description=""
    head="[object Object]"
    title="Munro - Competitors"
  />
   
  <h1
    class="col-span-2 font-bold text-left text-25xl md:text-3xl font-heading text-main-900"
  >
    <router-link-stub
      class="link text-main-700"
      to="/leagues/"
    >
      
      
    
    </router-link-stub>
     
    <span
      class="hidden ml-2 mr-3 md:inline-block"
    >
      -
    </span>
     
    <span
      class="block text-35xl md:inline-block"
    >
       Competitors
    </span>
  </h1>
   
  <div
    class="col-span-2 card-color-dark"
  >
    <h2
      class="text-3xl font-bold text-white font-heading"
    >
      Admin Actions
    </h2>
     
    <div
      class="w-full"
    >
      <router-link-stub
        class="button-white"
        to="/competitors/create"
      >
        Add Competitor
      </router-link-stub>
       
      <router-link-stub
        class="button-white"
        to="/competitors/merge"
      >
        Merge Competitors
      </router-link-stub>
       
      <router-link-stub
        class="button-white"
        to="/results/transfer"
      >
        Transfer Result
      </router-link-stub>
       
      <router-link-stub
        class="button-white"
        to="/results/manual"
      >
        Manual Points
      </router-link-stub>
    </div>
  </div>
   
  <!---->
</layout-stub>
`;
