// Jest Snapshot v1, https://goo.gl/fbAQLP

exports[`Renders Correctly 1`] = `
<div
  class="rounded-shape-xl shadow-md mt-3 mb-6 accordion bg-white border border-grey;"
>
  <div
    class="accordion-head"
  >
    <h2
      class="font-heading text-main text-2xl p-2 px-4 h-12 inline-block select-none"
    >
      
      
    
    </h2>
     
    <svg
      class="fill-current text-main h-12 float-right p-2"
      viewBox="0 0 24 24"
    >
      <path
        d="M7.41 8.59L12 13.17l4.59-4.58L18 10l-6 6-6-6 1.41-1.41z"
      />
       
      <path
        d="M0 0h24v24H0V0z"
        fill="none"
      />
    </svg>
  </div>
   
  <div
    class="accordion-body p-3 pt-0 pb-1"
    name="shrink"
    style="display: none;"
  />
</div>
`;
