// Jest Snapshot v1, https://goo.gl/fbAQLP

exports[`Renders Correctly 1`] = `
<div
  class="fixed w-full p-3 bottom-0"
  name="slide"
>
  <div
    class="card-color z-50"
  >
    <p
      class="mr-12"
    >
      
        This site uses Cookies and Local Storage in order to function
        correctly. By using this site you consent to the use of Cookies and
        Local Storage.
      
    </p>
     
    <svg
      class="fill-current h-6 absolute right-0 mr-8"
      viewBox="0 0 24 24"
    >
      <path
        d="M19 6.41L17.59 5 12 10.59 6.41 5 5 6.41 10.59 12 5 17.59 6.41 19 12 13.41 17.59 19 19 17.59 13.41 12z"
      />
    </svg>
  </div>
</div>
`;

exports[`Renders Correctly 2`] = `
<div
  class="fixed w-full p-3 bottom-0"
  name="slide"
>
  <div
    class="card-color z-50"
  >
    <p
      class="mr-12"
    >
      
        This site uses Cookies and Local Storage in order to function
        correctly. By using this site you consent to the use of Cookies and
        Local Storage.
      
    </p>
     
    <svg
      class="fill-current h-6 absolute right-0 mr-8"
      viewBox="0 0 24 24"
    >
      <path
        d="M19 6.41L17.59 5 12 10.59 6.41 5 5 6.41 10.59 12 5 17.59 6.41 19 12 13.41 17.59 19 19 17.59 13.41 12z"
      />
    </svg>
  </div>
</div>
`;
