// Jest Snapshot v1, https://goo.gl/fbAQLP

exports[`Renders Correctly 1`] = `
<div
  class="dropdown-input relative top--4"
  includeblank="true"
>
  <label
    class="font-heading text-sm text-main p-1 mx-3 bg-white relative select-none bottom--3"
  >
    
  </label>
   
  <div
    class="visible w-full border border-main rounded-shape px-4 py-2 outline-none"
  >
    <p
      class="leading-normal h-6 truncate"
    >
      
    </p>
     
    <svg
      class="h-8 text-main float-right fill-current mr--3 mt--68/10"
      viewBox="0 0 24 24"
    >
      <path
        d="M7.41 7.84L12 12.42l4.59-4.58L18 9.25l-6 6-6-6z"
      />
       
      <path
        d="M0-.75h24v24H0z"
        fill="none"
      />
    </svg>
  </div>
   
  <div
    class="dropdown absolute text-body z-40 bg-white text-center w-full border border-main select-none border-t-0 mb-2"
    name="open"
    style="display: none;"
  >
    <p
      class="select-none leading-normal text-center px-3 py-2 truncate hover:bg-main-veryLight"
    >
      
        Item 1
      
    </p>
    <p
      class="select-none leading-normal text-center px-3 py-2 truncate hover:bg-main-veryLight"
    >
      
        Item 2
      
    </p>
    <p
      class="select-none leading-normal text-center px-3 py-2 truncate hover:bg-main-veryLight"
    >
      
        Item 3
      
    </p>
  </div>
</div>
`;
