// Jest Snapshot v1, https://goo.gl/fbAQLP

exports[`Renders Correctly 1`] = `
<div
  class="rounded-shape-xl my-shadow mt-3 mb-6 accordion bg-white"
>
  <div
    class="accordion-head"
  >
    <h2
      class="font-heading text-main text-2xl p-2 px-4 h-12 inline-block select-none"
    >
      
      Filter
    
    </h2>
     
    <svg
      class="fill-current text-main h-12 float-right p-2"
      viewBox="0 0 24 24"
    >
      <path
        d="M7.41 8.59L12 13.17l4.59-4.58L18 10l-6 6-6-6 1.41-1.41z"
      />
       
      <path
        d="M0 0h24v24H0V0z"
        fill="none"
      />
    </svg>
  </div>
   
  <div
    class="accordion-body p-3 pt-0 pb-1"
    name="shrink"
    style="display: none;"
  >
    <div
      class="text-input top--4 relative w-full md:w-1/2 inline-block md:pr-2"
    >
      <label
        class="font-heading text-sm text-main p-1 mx-3 bg-white relative select-none bottom--3 pb-0"
      >
        Name:
      </label>
       
      <input
        class="w-full border border-main rounded-shape px-4 py-2 text-body outline-none"
        type="text"
      />
    </div>
     
    <div
      class="text-input top--4 relative w-full md:w-1/2 inline-block md:pl-2"
    >
      <label
        class="font-heading text-sm text-main p-1 mx-3 bg-white relative select-none bottom--3 pb-0"
      >
        Club:
      </label>
       
      <input
        class="w-full border border-main rounded-shape px-4 py-2 text-body outline-none"
        type="text"
      />
    </div>
     
    <div
      class="text-input top--4 relative appearance-none w-1/2 md:w-1/4 inline-block pr-2 md:mb--4"
    >
      <label
        class="font-heading text-sm text-main p-1 mx-3 bg-white relative select-none bottom--3 pb-0"
      >
        Min Age:
      </label>
       
      <input
        class="w-full border border-main rounded-shape px-4 py-2 text-body outline-none appearance-none"
        max="120"
        min="0"
        type="number"
      />
    </div>
     
    <div
      class="text-input top--4 relative appearance-none w-1/2 md:w-1/4 inline-block pl-2 md:mb--4"
    >
      <label
        class="font-heading text-sm text-main p-1 mx-3 bg-white relative select-none bottom--3 pb-0"
      >
        Max Age:
      </label>
       
      <input
        class="w-full border border-main rounded-shape px-4 py-2 text-body outline-none appearance-none"
        max="120"
        min="0"
        type="number"
      />
    </div>
     
    <div
      class="checkbox-input mt-3 w-1/2 md:w-1/4 inline-block pr-2 text-center"
    >
      <label
        class="text-md select-none font-heading text-main"
      >
        
    Male:
    
        <input
          class="hidden"
          type="checkbox"
        />
         
        <span />
      </label>
    </div>
     
    <div
      class="checkbox-input mt-3 w-1/2 md:w-1/4 inline-block pl-2 text-center"
    >
      <label
        class="text-md select-none font-heading text-main"
      >
        
    Female:
    
        <input
          class="hidden"
          type="checkbox"
        />
         
        <span />
      </label>
    </div>
  </div>
</div>
`;
