// Jest Snapshot v1, https://goo.gl/fbAQLP

exports[`Renders Correctly 1`] = `
<details
  class="transition-all duration-300 bg-white shadow-md outline-none appearance-none select-none rounded-shape-xl focus:shadow-lg"
>
  <summary
    class="transition-all duration-300 outline-none appearance-none select-none rounded-shape-xl"
  >
    <h2
      class="inline-block px-6 pt-3 pb-2 text-2xl select-none font-heading text-main-700"
    >
      
      Filter Results
    
    </h2>
     
    <svg
      class="float-right h-12 p-2 mt-1 mr-2 transition-all duration-300 ease-in-out fill-current rotate text-main-600"
      viewBox="0 0 24 24"
    >
      <path
        d="M7.41 8.59L12 13.17l4.59-4.58L18 10l-6 6-6-6 1.41-1.41z"
      />
       
      <path
        d="M0 0h24v24H0V0z"
        fill="none"
      />
    </svg>
  </summary>
   
  <section
    class="px-6 pt-2 pb-4 transition-all duration-300"
  >
    <div
      class="grid w-full grid-cols-2 gap-4 md:grid-cols-4"
    >
      <div
        class="col-span-2"
      >
        <label
          class="block pb-1 text-gray-600 select-none font-heading"
          for="Name:"
        >
          Name:
        </label>
         
        <input
          class="w-full px-3 py-2 font-sans text-gray-900 transition duration-300 ease-in-out bg-white border outline-none appearance-none rounded-shape focus:shadow-outline focus:border-main"
          id="Name:"
          type="text"
        />
      </div>
       
      <div
        class="col-span-2"
      >
        <label
          class="block pb-1 text-gray-600 select-none font-heading"
          for="Club:"
        >
          Club:
        </label>
         
        <input
          class="w-full px-3 py-2 font-sans text-gray-900 transition duration-300 ease-in-out bg-white border outline-none appearance-none rounded-shape focus:shadow-outline focus:border-main"
          id="Club:"
          type="text"
        />
      </div>
       
      <div
        class="col-span-1"
      >
        <label
          class="block pb-1 text-gray-600 select-none font-heading"
          for="Min Age:"
        >
          Min Age:
        </label>
         
        <input
          class="w-full px-3 py-2 font-sans text-gray-900 transition duration-300 ease-in-out bg-white border outline-none appearance-none rounded-shape focus:shadow-outline focus:border-main"
          id="Min Age:"
          max="120"
          min="0"
          type="number"
        />
      </div>
       
      <div
        class="col-span-1"
      >
        <label
          class="block pb-1 text-gray-600 select-none font-heading"
          for="Max Age:"
        >
          Max Age:
        </label>
         
        <input
          class="w-full px-3 py-2 font-sans text-gray-900 transition duration-300 ease-in-out bg-white border outline-none appearance-none rounded-shape focus:shadow-outline focus:border-main"
          id="Max Age:"
          max="120"
          min="0"
          type="number"
        />
      </div>
       
      <div
        class="flex flex-col items-center justify-center col-span-1 pt-2 pb-2 text-center md:pt-4 md:pb-0"
      >
        <label
          class="relative flex flex-row items-center select-none"
        >
          <svg
            class="absolute left-0 w-5 h-5 text-white"
            fill="currentColor"
            viewBox="0 0 16 16"
            xmlns="http://www.w3.org/2000/svg"
          >
            <path
              d="M5.707 7.293a1 1 0 0 0-1.414 1.414l2 2a1 1 0 0 0 1.414 0l4-4a1 1 0 0 0-1.414-1.414L7 8.586 5.707 7.293z"
            />
          </svg>
           
          <input
            class="flex-shrink-0 inline-block w-5 h-5 align-middle transition duration-300 ease-in-out bg-white border outline-none appearance-none text-main-500 rounded-shape focus:shadow-outline focus:border-main-400 checked:bg-main-400 checked:border-main-400"
            type="checkbox"
          />
           
          <span
            class="ml-3 leading-tight text-gray-600 font-heading"
          >
            Male
          </span>
        </label>
      </div>
       
      <div
        class="flex flex-col items-center justify-center col-span-1 pt-2 pb-2 md:pt-4 md:pb-0text-center"
      >
        <label
          class="relative flex flex-row items-center select-none"
        >
          <svg
            class="absolute left-0 w-5 h-5 text-white"
            fill="currentColor"
            viewBox="0 0 16 16"
            xmlns="http://www.w3.org/2000/svg"
          >
            <path
              d="M5.707 7.293a1 1 0 0 0-1.414 1.414l2 2a1 1 0 0 0 1.414 0l4-4a1 1 0 0 0-1.414-1.414L7 8.586 5.707 7.293z"
            />
          </svg>
           
          <input
            class="flex-shrink-0 inline-block w-5 h-5 align-middle transition duration-300 ease-in-out bg-white border outline-none appearance-none text-main-500 rounded-shape focus:shadow-outline focus:border-main-400 checked:bg-main-400 checked:border-main-400"
            type="checkbox"
          />
           
          <span
            class="ml-3 leading-tight text-gray-600 font-heading"
          >
            Female
          </span>
        </label>
      </div>
    </div>
  </section>
</details>
`;
