// Jest Snapshot v1, https://goo.gl/fbAQLP

exports[`Renders Correctly 1`] = `
<footer
  class="p-2 mt-2 text-center text-main font-body"
>
  <p
    class="inline-block mr-4 text-base md:text-lg md:mr-6"
  >
    
    Created By
    
    <a
      class="font-heading"
      href="https://brownben.github.io"
    >
      Ben Brown
    </a>
  </p>
   
  <router-link-stub
    class="inline-block px-2 link"
    to="/login"
  >
    Admin Login
  </router-link-stub>
</footer>
`;
