// Jest Snapshot v1, https://goo.gl/fbAQLP

exports[`Renders Correctly 1`] = `
<div
  class="flex-grow h-full"
>
  <header
    class="text-gray-900 bg-white"
  >
    <div
      class="max-w-screen-xl px-6 pb-6 mx-auto lg:px-8 pt-6"
    >
      <h1
        class="text-3xl font-bold leading-tight font-heading"
      >
        
          Hello World!
        
      </h1>
    </div>
  </header>
   
  <main>
    <!---->
     
    <!---->
     
    <!---->
  </main>
   
  <!---->
</div>
`;
