// Jest Snapshot v1, https://goo.gl/fbAQLP

exports[`Renders Correctly 1`] = `
<div
  class="absolute bottom-0 right-0"
  id="messages"
  mode="out-in"
  name="fade"
>
  <p
    class="card-color m-3 font-heading"
  >
    
      Message 0
    
  </p>
  <p
    class="card-color m-3 font-heading"
  >
    
      Message 1
    
  </p>
  <p
    class="card-color m-3 font-heading"
  >
    
      Message 2
    
  </p>
</div>
`;
