// Jest Snapshot v1, https://goo.gl/fbAQLP

exports[`Renders Correctly 1`] = `
<section
  class="mt-2 text-center card"
>
  <img
    alt="Person Looking At Map"
    src="@/assets/images/UndrawLost.svg"
  />
   
  <h1
    class="mt-8 font-bold text-35xl font-heading text-main-900"
  >
    
    Sorry, I Couldn't Find Any Results
  
  </h1>
</section>
`;
