// Jest Snapshot v1, https://goo.gl/fbAQLP

exports[`Renders Correctly 1`] = `
<div
  class="relative appearance-none text-input top--4"
>
  <label
    class="relative p-1 pb-0 mx-3 text-sm bg-white select-none font-heading text-main bottom--3"
  >
    Test
  </label>
   
  <input
    class="w-full px-4 py-2 border outline-none appearance-none border-main rounded-shape text-body"
    max="5"
    min="10"
    type="number"
  />
</div>
`;
