// Jest Snapshot v1, https://goo.gl/fbAQLP

exports[`Renders Correctly 1`] = `
<div>
  <label
    class="block pb-1 select-none font-heading text-main-600"
    for="Test"
  >
    Test
  </label>
   
  <input
    class="w-full px-3 py-2 transition-all duration-300 border-2 border-opacity-0 outline-none rounded-shape text-body bg-main-100 border-main focus:border-opacity-100"
    id="Test"
    max="5"
    min="10"
    type="number"
  />
</div>
`;
