// Jest Snapshot v1, https://goo.gl/fbAQLP

exports[`Renders Correctly 1`] = `
<div
  class="flex flex-col w-full h-full"
  id="app"
>
  <appmenu-stub />
   
  <div
    class="flex-grow"
    id="content"
  >
    <messages-stub />
     
    <router-view-stub
      class=""
      id="router-view"
      mode="out-in"
      name="fade"
    />
  </div>
   
  <appfooter-stub />
</div>
`;
