// Jest Snapshot v1, https://goo.gl/fbAQLP

exports[`Renders Correctly 1`] = `
<div
  class="flex flex-col w-full min-h-full"
  id="app"
>
  <appmenu-stub />
   
  <div
    class="flex flex-col flex-grow"
    id="content"
  >
    <messages-stub />
     
    <router-view-stub
      mode="out-in"
      name="fade"
    />
  </div>
</div>
`;
