// Jest Snapshot v1, https://goo.gl/fbAQLP

exports[`Renders Correctly 1`] = `
<div
  class="view"
>
  <vue-headful-stub
    description=""
    head="[object Object]"
    title="Munro - Competitors"
  />
   
  <h1
    class="text-main text-3xl font-normal font-heading mb-2"
  >
    
    Competitors
  
  </h1>
   
  <div
    class="card"
  >
    <h2
      class="text-2xl font-heading"
    >
      Actions
    </h2>
     
    <div>
      <router-link-stub
        class="button"
        to="/create-competitor"
      >
        Add Competitor
      </router-link-stub>
       
      <router-link-stub
        class="button"
        to="/competitors/merge"
      >
        Merge Competitors
      </router-link-stub>
       
      <router-link-stub
        class="button"
        to="/results/transfer"
      >
        Transfer Result
      </router-link-stub>
       
      <router-link-stub
        class="button"
        to="/results/manual"
      >
        Manual Points
      </router-link-stub>
    </div>
     
    <div
      class="text-left w-full"
    >
      <dropdown-input-stub
        label="League:"
        list=""
        value=""
      />
    </div>
  </div>
   
  <!---->
</div>
`;
