// Jest Snapshot v1, https://goo.gl/fbAQLP

exports[`Renders Correctly 1`] = `
<div>
  <vue-headful-stub
    description=""
    head="[object Object]"
    title="Munro - Competitors"
  />
   
  <h1>
    Competitors
  </h1>
   
  <div
    class="actions"
  >
    <h2>
      Actions
    </h2>
     
    <div>
      <router-link-stub
        class="button"
        to="/create-competitor"
      >
        Add Competitor
      </router-link-stub>
       
      <router-link-stub
        class="button"
        to="/competitors/merge"
      >
        Merge Competitors
      </router-link-stub>
       
      <router-link-stub
        class="button"
        to="/results/transfer"
      >
        Transfer Result
      </router-link-stub>
    </div>
  </div>
   
  <table>
    <thead>
      <tr>
        <th>
          <p>
            Name
          </p>
           
          <up-down-arrow-stub
            active="true"
          />
        </th>
         
        <th>
          <p>
            Club
          </p>
           
          <up-down-arrow-stub />
        </th>
         
        <th>
          <p>
            Class
          </p>
           
          <up-down-arrow-stub />
        </th>
         
        <th
          class="club"
        >
          <p>
            League
          </p>
           
          <up-down-arrow-stub />
        </th>
         
        <th>
          <p>
            Course
          </p>
           
          <up-down-arrow-stub />
        </th>
      </tr>
    </thead>
     
    <tbody
      name="fade"
    />
  </table>
</div>
`;
