// Jest Snapshot v1, https://goo.gl/fbAQLP

exports[`Renders Correctly 1`] = `
<div
  class="view"
>
  <vue-headful-stub
    description=""
    head="[object Object]"
    title="Munro - Merge Competitors"
  />
   
  <h1
    class="mb-2 text-3xl font-normal text-main font-heading"
  >
    
    Merge Competitors
  
  </h1>
   
  <form>
    <dropdown-input-stub
      include-blank="true"
      label="League:"
      list=""
      shift="true"
      value=""
    />
     
    <dropdown-input-stub
      include-blank="true"
      label="Course:"
      list=""
      shift="true"
      value=""
    />
     
    <dropdown-input-stub
      include-blank="true"
      label="Competitor to Keep:"
      list=""
      shift="true"
      value=""
    />
     
    <dropdown-input-stub
      include-blank="true"
      label="Competitor to be Merged:"
      list=""
      shift="true"
      value=""
    />
     
    <button
      class="button-lg"
    >
      Merge Competitors
    </button>
  </form>
</div>
`;
