// Jest Snapshot v1, https://goo.gl/fbAQLP

exports[`Renders Correctly 1`] = `
<div>
  <vue-headful-stub
    title="Munro - Merge Competitors"
  />
   
  <h1>
    Merge Competitors
  </h1>
   
  <form>
    <label>
      League:
    </label>
     
    <dropdown-input-stub
      include-blank="true"
      label=""
      list=""
      value=""
    />
     
    <label>
      Course:
    </label>
     
    <dropdown-input-stub
      include-blank="true"
      label=""
      list=""
      value=""
    />
     
    <label>
      Competitor to Keep:
    </label>
     
    <dropdown-input-stub
      include-blank="true"
      label=""
      list=""
      value=""
    />
     
    <label>
      Competitor to be Merged:
    </label>
     
    <dropdown-input-stub
      include-blank="true"
      label=""
      list=""
      value=""
    />
     
    <button>
      Merge Competitors
    </button>
  </form>
</div>
`;
