// Jest Snapshot v1, https://goo.gl/fbAQLP

exports[`Renders Correctly + Fetches Data 1`] = `
<div>
  <vue-headful-stub
    description="Results from the 200m event of the Justice league on Munro - League Results. Sorted. Sports League Results Calculated Quick and Easily, with Results Sorting and Filtering Options"
    head="[object Object]"
    title="Munro - 200m Event Results"
    url="https://munro-leagues.herokuapp.com/events/undefined"
  />
   
  <!---->
   
  <layout-stub
    title=""
  >
    <vue-headful-stub
      description="Page Not Found on Munro - League Results. Sorted. Sports League Results Calculated Quick and Easily, with Results Sorting and Filtering Options"
      head="[object Object]"
      title="Munro - I'm Lost"
    />
     
    <div
      class="w-full col-span-2 text-center"
    >
      <div
        class="inline-block w-full mt-8 md:w-2/3 xl:w-7/12"
      >
        <img
          alt="Person Lost looking at Map"
          class="object-contain w-full mx-auto max-h-112"
          src="@/assets/images/UndrawLost.svg"
        />
      </div>
       
      <h1
        class="mt-8 text-4xl font-bold text-gray-900 md:mt-12 md:text-5xl leading-12"
      >
        
      Sorry, I'm Lost
    
      </h1>
       
      <h2
        class="mt-6 text-lg text-gray-500 md:text-xl"
      >
        
      I can't currently find what you are looking for, the link might be
      broken or the page may have moved
    
      </h2>
       
      <div
        class="flex flex-row items-center justify-center mt-12"
      >
        <searchbox-stub />
      </div>
    </div>
  </layout-stub>
</div>
`;
