// Jest Snapshot v1, https://goo.gl/fbAQLP

exports[`Renders Correctly - Multiple Leagues 1`] = `
<div>
  <vue-headful-stub
    description="Fast and Easy Results for Orienteering Leagues. A simple way to calculate the results for orienteering leagues, with search and sort features"
    title="Munro - League Results for Orienteering"
  />
   
  <div
    id="header"
  >
    <img
      alt="Runner Crossing Finsh Line"
      src="@/assets/images/UnDrawRunningWhite.svg"
    />
     
    <h2>
      Fast and Easy Results for Orienteering Leagues
    </h2>
  </div>
   
  <!---->
   
  <div
    id="leagues"
  >
    <div
      class="league"
    >
      <img
        alt="The Logo of Sprintelope"
        height="150px"
        src="@/assets/images/SprintelopeLogo.png"
      />
       
      <h1>
        Sprintelope 2019
      </h1>
       
      <p>
        Wednesday Evening Sprint Orienteering Events in Edinburgh and the Lothians
      </p>
       
      <p>
        
        More information can be found at
        
        <a
          href="https://en-gb.facebook.com/sprintelope/"
          rel="noopener noreferrer"
          target="_blank"
        >
          https://en-gb.facebook.com/sprintelope/
        </a>
      </p>
       
      <router-link-stub
        class="button"
        to="/leagues/Sprintelope 2019"
      >
        View League
      </router-link-stub>
    </div>
     
    <div
      class="league"
    >
      <img
        alt="The Logo of Sprintelope"
        height="150px"
        src="@/assets/images/SprintelopeLogo.png"
      />
       
      <h1>
        Sprintelope 2018
      </h1>
       
      <p>
        Wednesday Evening Sprint Orienteering Events in Edinburgh and the Lothians
      </p>
       
      <p>
        
        More information can be found at
        
        <a
          href="https://en-gb.facebook.com/sprintelope/"
          rel="noopener noreferrer"
          target="_blank"
        >
          https://en-gb.facebook.com/sprintelope/
        </a>
      </p>
       
      <router-link-stub
        class="button"
        to="/leagues/Sprintelope 2018"
      >
        View League
      </router-link-stub>
    </div>
     
    <div
      class="card"
      id="about"
    >
      <img
        alt="Munro Logo"
        src="@/assets/images/MunroLogo.png"
      />
       
      <h1>
        About
      </h1>
       
      <div
        class="text"
      >
        <p>
          Munro was created by Ben Brown for his Advanced Higher Computing Project, as a calculator of the orienteering league standings. It is designed to be fast and easy to use, offering sorting and filtering on the results. It also has easy upload supporting various upload formats to make the upload as quick and easy as possible for event organisers.
        </p>
         
        <p>
          Munro is still under development so any feedback or comments would be welcome, please send them to munro.leagues(a)gmail.com
        </p>
         
        <p>
          For any help or enquires please email munro.leagues(a)gmail.com
        </p>
      </div>
    </div>
     
    <div
      class="card middle"
    >
      <h1>
        Developers
      </h1>
       
      <p>
        Information for developers about accessing the API and embedding the site in IFrames
      </p>
       
      <router-link-stub
        class="button"
        to="/developers"
      >
        View Info
      </router-link-stub>
    </div>
  </div>
   
  <p
    class="credits"
  >
    
    © Ben Brown 2019
    
    <router-link-stub
      to="/login"
    >
      Admin Login
    </router-link-stub>
  </p>
</div>
`;

exports[`Renders Correctly - No Leagues 1`] = `
<div>
  <vue-headful-stub
    description="Fast and Easy Results for Orienteering Leagues. A simple way to calculate the results for orienteering leagues, with search and sort features"
    title="Munro - League Results for Orienteering"
  />
   
  <div
    id="header"
  >
    <img
      alt="Runner Crossing Finsh Line"
      src="@/assets/images/UnDrawRunningWhite.svg"
    />
     
    <h2>
      Fast and Easy Results for Orienteering Leagues
    </h2>
  </div>
   
  <!---->
   
  <div
    id="leagues"
  >
    <div
      class="league"
    >
      <img
        alt="The Logo of Sprintelope"
        height="150px"
        src="@/assets/images/SprintelopeLogo.png"
      />
       
      <h1>
        Sprintelope 2019
      </h1>
       
      <p>
        Wednesday Evening Sprint Orienteering Events in Edinburgh and the Lothians
      </p>
       
      <p>
        
        More information can be found at
        
        <a
          href="https://en-gb.facebook.com/sprintelope/"
          rel="noopener noreferrer"
          target="_blank"
        >
          https://en-gb.facebook.com/sprintelope/
        </a>
      </p>
       
      <router-link-stub
        class="button"
        to="/leagues/Sprintelope 2019"
      >
        View League
      </router-link-stub>
    </div>
     
    <div
      class="league"
    >
      <img
        alt="The Logo of Sprintelope"
        height="150px"
        src="@/assets/images/SprintelopeLogo.png"
      />
       
      <h1>
        Sprintelope 2018
      </h1>
       
      <p>
        Wednesday Evening Sprint Orienteering Events in Edinburgh and the Lothians
      </p>
       
      <p>
        
        More information can be found at
        
        <a
          href="https://en-gb.facebook.com/sprintelope/"
          rel="noopener noreferrer"
          target="_blank"
        >
          https://en-gb.facebook.com/sprintelope/
        </a>
      </p>
       
      <router-link-stub
        class="button"
        to="/leagues/Sprintelope 2018"
      >
        View League
      </router-link-stub>
    </div>
     
    <div
      class="card"
      id="about"
    >
      <img
        alt="Munro Logo"
        src="@/assets/images/MunroLogo.png"
      />
       
      <h1>
        About
      </h1>
       
      <div
        class="text"
      >
        <p>
          Munro was created by Ben Brown for his Advanced Higher Computing Project, as a calculator of the orienteering league standings. It is designed to be fast and easy to use, offering sorting and filtering on the results. It also has easy upload supporting various upload formats to make the upload as quick and easy as possible for event organisers.
        </p>
         
        <p>
          Munro is still under development so any feedback or comments would be welcome, please send them to munro.leagues(a)gmail.com
        </p>
         
        <p>
          For any help or enquires please email munro.leagues(a)gmail.com
        </p>
      </div>
    </div>
     
    <div
      class="card middle"
    >
      <h1>
        Developers
      </h1>
       
      <p>
        Information for developers about accessing the API and embedding the site in IFrames
      </p>
       
      <router-link-stub
        class="button"
        to="/developers"
      >
        View Info
      </router-link-stub>
    </div>
  </div>
   
  <p
    class="credits"
  >
    
    © Ben Brown 2019
    
    <router-link-stub
      to="/login"
    >
      Admin Login
    </router-link-stub>
  </p>
</div>
`;

exports[`Renders Correctly - One League 1`] = `
<div>
  <vue-headful-stub
    description="Fast and Easy Results for Orienteering Leagues. A simple way to calculate the results for orienteering leagues, with search and sort features"
    title="Munro - League Results for Orienteering"
  />
   
  <div
    id="header"
  >
    <img
      alt="Runner Crossing Finsh Line"
      src="@/assets/images/UnDrawRunningWhite.svg"
    />
     
    <h2>
      Fast and Easy Results for Orienteering Leagues
    </h2>
  </div>
   
  <!---->
   
  <div
    id="leagues"
  >
    <div
      class="league"
    >
      <img
        alt="The Logo of Sprintelope"
        height="150px"
        src="@/assets/images/SprintelopeLogo.png"
      />
       
      <h1>
        Sprintelope 2019
      </h1>
       
      <p>
        Wednesday Evening Sprint Orienteering Events in Edinburgh and the Lothians
      </p>
       
      <p>
        
        More information can be found at
        
        <a
          href="https://en-gb.facebook.com/sprintelope/"
          rel="noopener noreferrer"
          target="_blank"
        >
          https://en-gb.facebook.com/sprintelope/
        </a>
      </p>
       
      <router-link-stub
        class="button"
        to="/leagues/Sprintelope 2019"
      >
        View League
      </router-link-stub>
    </div>
     
    <div
      class="league"
    >
      <img
        alt="The Logo of Sprintelope"
        height="150px"
        src="@/assets/images/SprintelopeLogo.png"
      />
       
      <h1>
        Sprintelope 2018
      </h1>
       
      <p>
        Wednesday Evening Sprint Orienteering Events in Edinburgh and the Lothians
      </p>
       
      <p>
        
        More information can be found at
        
        <a
          href="https://en-gb.facebook.com/sprintelope/"
          rel="noopener noreferrer"
          target="_blank"
        >
          https://en-gb.facebook.com/sprintelope/
        </a>
      </p>
       
      <router-link-stub
        class="button"
        to="/leagues/Sprintelope 2018"
      >
        View League
      </router-link-stub>
    </div>
     
    <div
      class="card"
      id="about"
    >
      <img
        alt="Munro Logo"
        src="@/assets/images/MunroLogo.png"
      />
       
      <h1>
        About
      </h1>
       
      <div
        class="text"
      >
        <p>
          Munro was created by Ben Brown for his Advanced Higher Computing Project, as a calculator of the orienteering league standings. It is designed to be fast and easy to use, offering sorting and filtering on the results. It also has easy upload supporting various upload formats to make the upload as quick and easy as possible for event organisers.
        </p>
         
        <p>
          Munro is still under development so any feedback or comments would be welcome, please send them to munro.leagues(a)gmail.com
        </p>
         
        <p>
          For any help or enquires please email munro.leagues(a)gmail.com
        </p>
      </div>
    </div>
     
    <div
      class="card middle"
    >
      <h1>
        Developers
      </h1>
       
      <p>
        Information for developers about accessing the API and embedding the site in IFrames
      </p>
       
      <router-link-stub
        class="button"
        to="/developers"
      >
        View Info
      </router-link-stub>
    </div>
  </div>
   
  <p
    class="credits"
  >
    
    © Ben Brown 2019
    
    <router-link-stub
      to="/login"
    >
      Admin Login
    </router-link-stub>
  </p>
</div>
`;
