// Jest Snapshot v1, https://goo.gl/fbAQLP

exports[`Renders Correctly 1`] = `
<div
  class="view"
>
  <vue-headful-stub
    description="The latest results from events on Munro, the Fast and Easy Results System for Orienteering Leagues. A simple way to calculate the results for orienteering leagues, with search and sort features"
    head="[object Object]"
    title="Munro - Latest Results"
    url="https://munro-leagues.herokuapp.com/latest-results"
  />
   
  <h1
    class="text-main text-3xl font-normal font-heading"
  >
    Latest Results
  </h1>
   
  <div
    class="p-4 pb-1 card my-5"
  >
    <h2
      class="text-2xl font-heading my-2"
    >
      
      Justice - 200m
    
    </h2>
     
    <!---->
     
    <p>
      
      More Information can be found on their
      
      <a
        href="wwwwwww"
        rel="noopener noreferrer"
        target="_blank"
      >
        website
      </a>
    </p>
     
    <span>
      <router-link-stub
        class="button"
        to="/events/Justice200m/results"
      >
        
        Results
      
      </router-link-stub>
       
      <a
        class="button"
        href="w"
        rel="noopener noreferrer"
        target="_blank"
      >
        HTML Results
      </a>
       
      <a
        class="button"
        href="w"
        rel="noopener noreferrer"
        target="_blank"
      >
        WinSplits
      </a>
       
      <a
        class="button"
        href="w"
        rel="noopener noreferrer"
        target="_blank"
      >
        Routegadget
      </a>
    </span>
  </div>
  <div
    class="p-4 pb-1 card my-5"
  >
    <h2
      class="text-2xl font-heading my-2"
    >
      
      Sprintelope - Longniddry
    
    </h2>
     
    <p>
      
      On 18/04/2018
      
        organised by ELO
      
    </p>
     
    <!---->
     
    <span>
      <router-link-stub
        class="button"
        to="/events/SprintelopeLongniddry2018-04-18/results"
      >
        
        Results
      
      </router-link-stub>
       
      <!---->
       
      <!---->
       
      <!---->
    </span>
  </div>
  <div
    class="p-4 pb-1 card my-5"
  >
    <h2
      class="text-2xl font-heading my-2"
    >
      
      Sprintelope - South Edinburgh
    
    </h2>
     
    <p>
      
      On 25/04/2018
      
        organised by INT
      
    </p>
     
    <!---->
     
    <span>
      <router-link-stub
        class="button"
        to="/events/SprintelopeSouthEdinburgh2018-04-25/results"
      >
        
        Results
      
      </router-link-stub>
       
      <!---->
       
      <!---->
       
      <!---->
    </span>
  </div>
</div>
`;
