// Jest Snapshot v1, https://goo.gl/fbAQLP

exports[`Renders Correctly 1`] = `
<layout-stub
  title="Latest Results"
>
  <vue-headful-stub
    description="The latest results from events on Munro, the Fast and Easy Results System for Orienteering Leagues. A simple way to calculate the results for orienteering leagues, with search and sort features"
    head="[object Object]"
    title="Munro - Latest Results"
    url="https://munro-leagues.herokuapp.com/latest-results"
  />
   
  <eventoverviewcard-stub
    auth="[object Object]"
    event="[object Object]"
    league="[object Object]"
    showleaguename="true"
  />
  <eventoverviewcard-stub
    auth="[object Object]"
    event="[object Object]"
    league="[object Object]"
    showleaguename="true"
  />
  <eventoverviewcard-stub
    auth="[object Object]"
    event="[object Object]"
    league="[object Object]"
    showleaguename="true"
  />
</layout-stub>
`;
