// Jest Snapshot v1, https://goo.gl/fbAQLP

exports[`Renders Correctly 1`] = `
<layout-stub
  footer="true"
  grid="true"
  title="Latest Results"
  white="true"
>
  <vue-headful-stub
    description="The latest results from events on Munro - League Results. Sorted. Sports League Results Calculated Quick and Easily, with Results Sorting and Filtering Options"
    head="[object Object]"
    title="Munro - Latest Results"
    url="https://munro-leagues.herokuapp.com/latest-results"
  />
   
  <eventoverviewcard-stub
    auth="[object Object]"
    event="[object Object]"
    league="[object Object]"
    showleaguename="true"
  />
  <eventoverviewcard-stub
    auth="[object Object]"
    event="[object Object]"
    league="[object Object]"
    showleaguename="true"
  />
  <eventoverviewcard-stub
    auth="[object Object]"
    event="[object Object]"
    league="[object Object]"
    showleaguename="true"
  />
</layout-stub>
`;
