// Jest Snapshot v1, https://goo.gl/fbAQLP

exports[`Renders Correctly 1`] = `
<div>
  <layout-stub
    title=""
  >
    <vue-headful-stub
      description="Event Information and Results for the  league on Munro - League Results. Sorted. Sports League Results Calculated Quick and Easily, with Results Sorting and Filtering Options"
      head="[object Object]"
      title="Munro -  League"
    />
     
    <eventoverviewcard-stub
      auth="[object Object]"
      event="[object Object]"
      league="[object Object]"
    />
    <eventoverviewcard-stub
      auth="[object Object]"
      event="[object Object]"
      league="[object Object]"
    />
    <eventoverviewcard-stub
      auth="[object Object]"
      event="[object Object]"
      league="[object Object]"
    />
  </layout-stub>
   
  <!---->
</div>
`;
