// Jest Snapshot v1, https://goo.gl/fbAQLP

exports[`Renders Correctly 1`] = `
<div>
  <div>
    <vue-headful-stub
      description="Event Information and Results for the league on Munro, the Fast and Easy Results System for Orienteering Leagues. A simple way to calculate the results for orienteering leagues, with search and sort features"
      head="[object Object]"
      title="Munro - "
    />
     
    <eventoverviewcard-stub
      auth="[object Object]"
      event="[object Object]"
      league="[object Object]"
    />
    <eventoverviewcard-stub
      auth="[object Object]"
      event="[object Object]"
      league="[object Object]"
    />
    <eventoverviewcard-stub
      auth="[object Object]"
      event="[object Object]"
      league="[object Object]"
    />
  </div>
   
  <!---->
</div>
`;
