// Jest Snapshot v1, https://goo.gl/fbAQLP

exports[`Renders Correctly 1`] = `
<div>
  <vue-headful-stub
    description="Event Information and Results for the
         league on Munro, the Fast and Easy Results System for Orienteering Leagues. A simple way to calculate the results for orienteering leagues, with search and sort features"
    head="[object Object]"
    title="Munro - "
    url="https://munro-leagues.herokuapp.com/leagues/"
  />
   
  <layout-stub
    title=""
  >
    <div
      class="col-span-2 text-left"
    >
      <h1
        class="mt-2 text-3xl font-bold md:text-35xl font-heading text-main-700"
      >
        
        Sprintelope
      
      </h1>
       
      <!---->
       
      <p>
        
        There are normally
        2 courses -
        
        <span
          class="md:text-lg font-heading"
        >
          Long and Short
        </span>
      </p>
       
      <p>
        <span
          class="md:text-lg font-heading"
        >
          Graeme Ackland
        </span>
        
        coordinates the league.
      
      </p>
       
      <p>
        
        The scoring for the league is calculated using a
        
        <span
          class="md:text-lg font-heading"
        >
          Position Based System (100 Max)
        </span>
         
        <span
          class="block"
        >
          
          Your
          
          <span
            class="md:text-lg font-heading"
          >
            best 2 scores
          </span>
          
          from all
          4
          events, count towards your score.
        
        </span>
      </p>
       
      <!---->
       
      <p
        class="mt-2"
      >
        
        More information can be found at:
        
        <a
          class="ml-1 link font-heading text-main-800"
          href="https://en-gb.facebook.com/sprintelope/"
          rel="noopener noreferrer"
          target="_blank"
        >
          https://en-gb.facebook.com/sprintelope/
        </a>
      </p>
    </div>
     
    <!---->
     
    <div
      class="col-span-2 card-color"
    >
      <h2
        class="font-bold text-25xl font-heading"
      >
        League Results
      </h2>
       
      <div
        class="mt-2"
      >
        <router-link-stub
          class="button-white"
          to="undefined/results/Long"
        >
          Long
        </router-link-stub>
        <router-link-stub
          class="button-white"
          to="undefined/results/Short"
        >
          Short
        </router-link-stub>
      </div>
    </div>
     
    <eventoverviewcard-stub
      auth="[object Object]"
      event="[object Object]"
      league="[object Object]"
    />
    <eventoverviewcard-stub
      auth="[object Object]"
      event="[object Object]"
      league="[object Object]"
    />
    <eventoverviewcard-stub
      auth="[object Object]"
      event="[object Object]"
      league="[object Object]"
    />
  </layout-stub>
   
  <!---->
</div>
`;
