// Jest Snapshot v1, https://goo.gl/fbAQLP

exports[`Renders Correctly 1`] = `
<div>
  <vue-headful-stub
    description=""
    head="[object Object]"
    title="Munro - Login"
  />
   
  <h1>
    Admin Login
  </h1>
   
  <form>
    <label>
      Email Address:
    </label>
     
    <input
      type="email"
    />
     
    <label>
      Password:
    </label>
     
    <input
      type="password"
    />
     
    <button>
      Login
    </button>
  </form>
   
  <div
    id="link-to-upload"
  >
    <b>
      Looking for Results Upload?
    </b>
     
    <p>
      
      Results are uploaded
      
      <router-link-stub
        to="/upload"
      >
        here
      </router-link-stub>
    </p>
  </div>
</div>
`;
