// Jest Snapshot v1, https://goo.gl/fbAQLP

exports[`Renders Correctly 1`] = `
<div
  class="view"
>
  <vue-headful-stub
    description=""
    head="[object Object]"
    title="Munro - Login"
  />
   
  <h1
    class="my-2 text-2xl text-main font-heading"
  >
    Admin Login
  </h1>
   
  <form>
    <div
      class="relative text-input top--4"
    >
      <label
        class="relative p-1 pb-0 mx-3 text-sm bg-white select-none font-heading text-main bottom--3"
      >
        Email Address:
      </label>
       
      <input
        class="w-full px-4 py-2 border outline-none border-main rounded-shape text-body"
        type="email"
      />
    </div>
     
    <div
      class="relative text-input top--4"
    >
      <label
        class="relative p-1 pb-0 mx-3 text-sm bg-white select-none font-heading text-main bottom--3"
      >
        Password:
      </label>
       
      <input
        class="w-full px-4 py-2 border outline-none border-main rounded-shape text-body"
        type="password"
      />
    </div>
     
    <button
      class="button-lg"
    >
      Login
    </button>
  </form>
   
  <div
    class="mt-4 card-color"
  >
    <p>
      <b
        class="p-2 text-lg font-heading"
      >
        Looking for Results Upload?
      </b>
      
      You don't have to login, just visit the
      
      <router-link-stub
        class="link"
        to="/upload"
      >
        upload page
      </router-link-stub>
    </p>
  </div>
</div>
`;
