// Jest Snapshot v1, https://goo.gl/fbAQLP

exports[`Renders Correctly 1`] = `
<div
  class="view"
>
  <vue-headful-stub
    description=""
    head="[object Object]"
    title="Munro - Manual Points"
  />
   
  <h1
    class="text-main text-3xl font-normal font-heading mb-2"
  >
    
    Manual Points
  
  </h1>
   
  <form>
    <div
      class="dropdown-input relative top--4"
      include-blank="true"
    >
      <label
        class="font-heading text-sm text-main p-1 mx-3 bg-white relative select-none bottom--3"
      >
        League:
      </label>
       
      <div
        class="visible w-full border border-main rounded-tl-lg rounded-br-lg px-4 py-2 outline-none"
      >
        <p
          class="leading-normal h-6 truncate"
        >
          
        </p>
         
        <svg
          class="h-8 text-main float-right fill-current mr--3 mt--68/10"
          viewBox="0 0 24 24"
        >
          <path
            d="M7.41 7.84L12 12.42l4.59-4.58L18 9.25l-6 6-6-6z"
          />
           
          <path
            d="M0-.75h24v24H0z"
            fill="none"
          />
        </svg>
      </div>
       
      <div
        class="dropdown absolute text-body z-40 bg-white text-center w-full border border-main select-none border-t-0 mb-2"
        name="open"
        style="display: none;"
      />
    </div>
     
    <div
      class="dropdown-input relative top--4"
      include-blank="true"
    >
      <label
        class="font-heading text-sm text-main p-1 mx-3 bg-white relative select-none bottom--3"
      >
        Event:
      </label>
       
      <div
        class="visible w-full border border-main rounded-tl-lg rounded-br-lg px-4 py-2 outline-none"
      >
        <p
          class="leading-normal h-6 truncate"
        >
          
        </p>
         
        <svg
          class="h-8 text-main float-right fill-current mr--3 mt--68/10"
          viewBox="0 0 24 24"
        >
          <path
            d="M7.41 7.84L12 12.42l4.59-4.58L18 9.25l-6 6-6-6z"
          />
           
          <path
            d="M0-.75h24v24H0z"
            fill="none"
          />
        </svg>
      </div>
       
      <div
        class="dropdown absolute text-body z-40 bg-white text-center w-full border border-main select-none border-t-0 mb-2"
        name="open"
        style="display: none;"
      />
    </div>
     
    <div
      class="dropdown-input relative top--4"
      include-blank="true"
    >
      <label
        class="font-heading text-sm text-main p-1 mx-3 bg-white relative select-none bottom--3"
      >
        Course
      </label>
       
      <div
        class="visible w-full border border-main rounded-tl-lg rounded-br-lg px-4 py-2 outline-none"
      >
        <p
          class="leading-normal h-6 truncate"
        >
          
        </p>
         
        <svg
          class="h-8 text-main float-right fill-current mr--3 mt--68/10"
          viewBox="0 0 24 24"
        >
          <path
            d="M7.41 7.84L12 12.42l4.59-4.58L18 9.25l-6 6-6-6z"
          />
           
          <path
            d="M0-.75h24v24H0z"
            fill="none"
          />
        </svg>
      </div>
       
      <div
        class="dropdown absolute text-body z-40 bg-white text-center w-full border border-main select-none border-t-0 mb-2"
        name="open"
        style="display: none;"
      />
    </div>
     
    <div
      class="dropdown-input relative top--4"
      include-blank="true"
    >
      <label
        class="font-heading text-sm text-main p-1 mx-3 bg-white relative select-none bottom--3"
      >
        Competitor:
      </label>
       
      <div
        class="visible w-full border border-main rounded-tl-lg rounded-br-lg px-4 py-2 outline-none"
      >
        <p
          class="leading-normal h-6 truncate"
        >
          
        </p>
         
        <svg
          class="h-8 text-main float-right fill-current mr--3 mt--68/10"
          viewBox="0 0 24 24"
        >
          <path
            d="M7.41 7.84L12 12.42l4.59-4.58L18 9.25l-6 6-6-6z"
          />
           
          <path
            d="M0-.75h24v24H0z"
            fill="none"
          />
        </svg>
      </div>
       
      <div
        class="dropdown absolute text-body z-40 bg-white text-center w-full border border-main select-none border-t-0 mb-2"
        name="open"
        style="display: none;"
      />
    </div>
     
    <div
      class="text-input top--4 relative appearance-none"
    >
      <label
        class="font-heading text-sm text-main p-1 mx-3 bg-white relative select-none bottom--3 pb-0"
      >
        Points:
      </label>
       
      <input
        class="w-full border border-main rounded-tl-lg rounded-br-lg px-4 py-2 text-body outline-none appearance-none"
        max="10000"
        min="0"
        type="number"
      />
    </div>
     
    <button
      class="button-lg"
    >
      Add Result
    </button>
  </form>
</div>
`;

exports[`Results Sorted Correctly 1`] = `
<div
  class="view"
>
  <vue-headful-stub
    description=""
    head="[object Object]"
    title="Munro - Manual Points"
  />
   
  <h1
    class="text-main text-3xl font-normal font-heading mb-2"
  >
    
    Manual Points
  
  </h1>
   
  <form>
    <div
      class="dropdown-input relative top--4"
      include-blank="true"
    >
      <label
        class="font-heading text-sm text-main p-1 mx-3 bg-white relative select-none bottom--3"
      >
        League:
      </label>
       
      <div
        class="visible w-full border border-main rounded-tl-lg rounded-br-lg px-4 py-2 outline-none"
      >
        <p
          class="leading-normal h-6 truncate"
        >
          
        </p>
         
        <svg
          class="h-8 text-main float-right fill-current mr--3 mt--68/10"
          viewBox="0 0 24 24"
        >
          <path
            d="M7.41 7.84L12 12.42l4.59-4.58L18 9.25l-6 6-6-6z"
          />
           
          <path
            d="M0-.75h24v24H0z"
            fill="none"
          />
        </svg>
      </div>
       
      <div
        class="dropdown absolute text-body z-40 bg-white text-center w-full border border-main select-none border-t-0 mb-2"
        name="open"
        style="display: none;"
      />
    </div>
     
    <div
      class="dropdown-input relative top--4"
      include-blank="true"
    >
      <label
        class="font-heading text-sm text-main p-1 mx-3 bg-white relative select-none bottom--3"
      >
        Event:
      </label>
       
      <div
        class="visible w-full border border-main rounded-tl-lg rounded-br-lg px-4 py-2 outline-none"
      >
        <p
          class="leading-normal h-6 truncate"
        >
          
        </p>
         
        <svg
          class="h-8 text-main float-right fill-current mr--3 mt--68/10"
          viewBox="0 0 24 24"
        >
          <path
            d="M7.41 7.84L12 12.42l4.59-4.58L18 9.25l-6 6-6-6z"
          />
           
          <path
            d="M0-.75h24v24H0z"
            fill="none"
          />
        </svg>
      </div>
       
      <div
        class="dropdown absolute text-body z-40 bg-white text-center w-full border border-main select-none border-t-0 mb-2"
        name="open"
        style="display: none;"
      />
    </div>
     
    <div
      class="dropdown-input relative top--4"
      include-blank="true"
    >
      <label
        class="font-heading text-sm text-main p-1 mx-3 bg-white relative select-none bottom--3"
      >
        Course
      </label>
       
      <div
        class="visible w-full border border-main rounded-tl-lg rounded-br-lg px-4 py-2 outline-none"
      >
        <p
          class="leading-normal h-6 truncate"
        >
          
        </p>
         
        <svg
          class="h-8 text-main float-right fill-current mr--3 mt--68/10"
          viewBox="0 0 24 24"
        >
          <path
            d="M7.41 7.84L12 12.42l4.59-4.58L18 9.25l-6 6-6-6z"
          />
           
          <path
            d="M0-.75h24v24H0z"
            fill="none"
          />
        </svg>
      </div>
       
      <div
        class="dropdown absolute text-body z-40 bg-white text-center w-full border border-main select-none border-t-0 mb-2"
        name="open"
        style="display: none;"
      />
    </div>
     
    <div
      class="dropdown-input relative top--4"
      include-blank="true"
    >
      <label
        class="font-heading text-sm text-main p-1 mx-3 bg-white relative select-none bottom--3"
      >
        Competitor:
      </label>
       
      <div
        class="visible w-full border border-main rounded-tl-lg rounded-br-lg px-4 py-2 outline-none"
      >
        <p
          class="leading-normal h-6 truncate"
        >
          
        </p>
         
        <svg
          class="h-8 text-main float-right fill-current mr--3 mt--68/10"
          viewBox="0 0 24 24"
        >
          <path
            d="M7.41 7.84L12 12.42l4.59-4.58L18 9.25l-6 6-6-6z"
          />
           
          <path
            d="M0-.75h24v24H0z"
            fill="none"
          />
        </svg>
      </div>
       
      <div
        class="dropdown absolute text-body z-40 bg-white text-center w-full border border-main select-none border-t-0 mb-2"
        name="open"
        style="display: none;"
      />
    </div>
     
    <div
      class="text-input top--4 relative appearance-none"
    >
      <label
        class="font-heading text-sm text-main p-1 mx-3 bg-white relative select-none bottom--3 pb-0"
      >
        Points:
      </label>
       
      <input
        class="w-full border border-main rounded-tl-lg rounded-br-lg px-4 py-2 text-body outline-none appearance-none"
        max="10000"
        min="0"
        type="number"
      />
    </div>
     
    <button
      class="button-lg"
    >
      Add Result
    </button>
  </form>
</div>
`;
