// Jest Snapshot v1, https://goo.gl/fbAQLP

exports[`Renders Correctly 1`] = `
<div
  class="view"
>
  <vue-headful-stub
    description=""
    head="[object Object]"
    title="Munro - Not Found"
  />
   
  <div
    class="mt-5 card"
  >
    <h1
      class="my-2 text-3xl text-main font-heading"
    >
      
      Sorry We Can't Find What You Are Looking For
    
    </h1>
     
    <p>
      Please check the URL and Try Again
    </p>
     
    <div>
      <button
        class="inline-block button"
      >
        
        Go Back
      
      </button>
       
      <router-link-stub
        class="inline-block button"
        to="/"
      >
        Return Home
      </router-link-stub>
    </div>
  </div>
</div>
`;
