// Jest Snapshot v1, https://goo.gl/fbAQLP

exports[`Renders Correctly 1`] = `
<div>
  <vue-headful-stub
    head="[object Object]"
    title="Munro - Not Found"
  />
   
  <h1>
    Sorry We Can't Find What You Are Looking For
  </h1>
   
  <p>
    Please check the URL and Try Again
  </p>
   
  <button>
    Go Back
  </button>
   
  <router-link-stub
    class="button"
    to="/"
  >
    Return Home
  </router-link-stub>
</div>
`;
