// Jest Snapshot v1, https://goo.gl/fbAQLP

exports[`Renders Correctly 1`] = `
<div
  class="w-10/12 mx-auto md:w-3/4 xl:w-2/3 md:mt-2"
>
  <h1
    class="my-2 text-3xl font-bold md:text-35xl font-heading text-main-700"
  >
    
    Upload Instructions
  
  </h1>
   
  <div
    class="grid grid-cols-2 gap-8 pb-8 md:gap-6 lg:gap-8"
  >
    <vue-headful-stub
      description="Instructions for how to upload results to Munro, the Fast and Easy Results System for Orienteering Leagues. A simple way to calculate the results for orienteering leagues, with search and sort features"
      head="[object Object]"
      title="Munro - Upload Instructions"
      url="https://munro-leagues.herokuapp.com/upload/instructions"
    />
     
    <section
      class="col-span-2 card"
    >
      <h2
        class="mb-2 text-2xl text-center font-heading"
      >
        <p
          class="block w-8 h-8 mx-auto mb-1 text-lg font-bold leading-8 text-center align-middle border-2 rounded-full md:inline-block md:mr-3 border-main text-main font-heading"
        >
          
      1
    
        </p>
         
      Go to
      
        <router-link-stub
          class="link text-main-700"
          to="/upload/file"
        >
          https://munro-leagues.herokuapp.com/upload/file
        </router-link-stub>
      </h2>
       
      <div
        class="w-full mx-auto text-lg leading-8 text-opacity-75 text-main-900 body"
      >
        <img
          alt="Empty Upload Form"
          src="@/assets/images/UploadInstructions-Blank.png"
        />
      </div>
    </section>
     
    <section
      class="col-span-2 card"
    >
      <h2
        class="mb-2 text-2xl text-center font-heading"
      >
        <p
          class="block w-8 h-8 mx-auto mb-1 text-lg font-bold leading-8 text-center align-middle border-2 rounded-full md:inline-block md:mr-3 border-main text-main font-heading"
        >
          
      2
    
        </p>
         
      Enter the Event ID and the 20 digit Upload Key Provided
    
      </h2>
       
      <div
        class="w-full mx-auto text-lg leading-8 text-opacity-75 text-main-900 body"
      >
        <p>
          
      The event name should now be displayed.
    
        </p>
         
        <p>
          
      The Event ID will be the the form LeagueNameEventNameYYYY-MM-DD with all
      spaces removed.
    
        </p>
         
        <p>
          
      You can get the Event ID and Upload Key from your league coordinator or
      by emailing munro.leagues@gmail.com
    
        </p>
         
        <img
          alt="Upload Form with Event ID and Upload Key Included"
          src="@/assets/images/UploadInstructions-EventDetails.png"
        />
      </div>
    </section>
     
    <section
      class="col-span-2 card"
    >
      <h2
        class="mb-2 text-2xl text-center font-heading"
      >
        <p
          class="block w-8 h-8 mx-auto mb-1 text-lg font-bold leading-8 text-center align-middle border-2 rounded-full md:inline-block md:mr-3 border-main text-main font-heading"
        >
          
      3
    
        </p>
         
      Select Your Results File
    
      </h2>
       
      <div
        class="w-full mx-auto text-lg leading-8 text-opacity-75 text-main-900 body"
      >
        <p>
          
      Munro accepts any CSV results file in a sensible format, it has been
      tested with OE CSV files and SITiming Processable CSV files.
    
        </p>
         
        <p>
          
      It can be semicolon or comma delimited and should have the following
      headings (they can be in any order):
    
        </p>
         
        <code>
          
      Name; Age Class; Club; Course; Time; Position; NonCompetitive; Status;
    
        </code>
         
        <p>
          
      Age Class, Club, Position and NonCompetitive are optional, but are
      highly recommended to make sure the matching is done correctly
    
        </p>
      </div>
    </section>
     
    <section
      class="col-span-2 card"
    >
      <h2
        class="mb-2 text-2xl text-center font-heading"
      >
        <p
          class="block w-8 h-8 mx-auto mb-1 text-lg font-bold leading-8 text-center align-middle border-2 rounded-full md:inline-block md:mr-3 border-main text-main font-heading"
        >
          
      4
    
        </p>
         
      Enter Other Results Information
    
      </h2>
       
      <div
        class="w-full mx-auto text-lg leading-8 text-opacity-75 text-main-900 body"
      >
        <p>
          
      Enter the URLs of the Results Uploaded on Other Websites eg. HTML
      Results/ Routegadget/ Winsplits.
    
        </p>
         
        <p>
          
      If you forget, or need to change these URLs please contact your league
      admin or munro.leagues@gmail.com who can update them
    
        </p>
         
        <img
          alt="Upload Form with Completeted with Upload Button Showing"
          src="@/assets/images/UploadInstructions-Complete.png"
        />
      </div>
    </section>
     
    <section
      class="col-span-2 card"
    >
      <h2
        class="mb-2 text-2xl text-center font-heading"
      >
        <p
          class="block w-8 h-8 mx-auto mb-1 text-lg font-bold leading-8 text-center align-middle border-2 rounded-full md:inline-block md:mr-3 border-main text-main font-heading"
        >
          
      5
    
        </p>
         
       Confirm if Replacing Results
    
      </h2>
       
      <div
        class="w-full mx-auto text-lg leading-8 text-opacity-75 text-main-900 body"
      >
        <p>
          
      If results already exist a 'Overwrite Existing Results' checkbox will
      appear, to confirm you wish to replace the exisiting results, tick the
      box
    
        </p>
      </div>
    </section>
     
    <section
      class="col-span-2 card"
    >
      <h2
        class="mb-2 text-2xl text-center font-heading"
      >
        <p
          class="block w-8 h-8 mx-auto mb-1 text-lg font-bold leading-8 text-center align-middle border-2 rounded-full md:inline-block md:mr-3 border-main text-main font-heading"
        >
          
      6
    
        </p>
         
      Click \`Upload File\`
    
      </h2>
       
      <div
        class="w-full mx-auto text-lg leading-8 text-opacity-75 text-main-900 body"
      >
        <p>
          
      A message should appear saying that the data has been sent. Then a
      message saying that the results upload is successful should appear and
      you will be redirected to the results table
    
        </p>
      </div>
    </section>
     
    <div
      class="col-span-2 card-color"
    >
      <p
        class="p-1"
      >
        
      If you need any help or wish to upload results in a different format
      please contact me at:
      
        <span
          class="text-lg font-heading"
        >
          munro.leagues@gmail.com
        </span>
      </p>
    </div>
  </div>
</div>
`;
